---
source: crates/tych/src/tests.rs
assertion_line: 920
expression: "(test[1], res)"
---
- "\nstruct Foo {\n    fn bar() { self }\n}\n"
- Ok:
    nodes:
      - kind:
          Struct:
            name: Foo
            fields: []
            methods:
              - kind:
                  Fn:
                    proto:
                      name: _Foo_bar
                      args: []
                      ret_ty: Void
                      is_extern: false
                      module: main
                    body:
                      kind:
                        Block:
                          list:
                            - kind:
                                Ident:
                                  name: self
                                  ty:
                                    Comp: Foo
                          ty:
                            Comp: Foo

