---
source: crates/lower/src/tests.rs
assertion_line: 130
expression: "(test[1], res)"
---
- "\nfn main() {\n    foo()\n}\n\nfn foo() {}\n"
- Ok:
    functions:
      - kind:
          Fn:
            proto:
              name: main
              args: []
              ret_ty: Void
              is_extern: false
              module: main
            body:
              kind:
                Block:
                  list:
                    - kind:
                        Call:
                          name: "_main::foo~void"
                          args: []
                          ty: Void
                  ty: Void
      - kind:
          Fn:
            proto:
              name: "_main::foo~void"
              args: []
              ret_ty: Void
              is_extern: false
              module: main
            body:
              kind:
                Block:
                  list: []
                  ty: Void
    structs: []
    prototypes:
      - name: main
        args: []
        ret_ty: Void
        is_extern: false
        module: main
      - name: "_main::foo~void"
        args: []
        ret_ty: Void
        is_extern: false
        module: main

