---
source: crates/codegen/src/tests.rs
assertion_line: 389
expression: "(test[1], res, res_opt)"
---
- "\nfn foo() {}\nfn main() {\n    foo()\n}\n"
- "; ModuleID = 'main'\nsource_filename = \"main\"\n\ndefine void @\"_main::foo~void\"() {\nentry:\n  ret void\n}\n\ndefine void @main() {\nentry:\n  call void @\"_main::foo~void\"()\n  ret void\n}\n"
- "; ModuleID = 'main'\nsource_filename = \"main\"\n\ndefine void @\"_main::foo~void\"() {\nentry:\n  ret void\n}\n\ndefine void @main() {\nentry:\n  call void @\"_main::foo~void\"()\n  ret void\n}\n"

