---
source: crates/parse/src/tests.rs
expression: "(test[1], ast, ast_string)"
---
- "let x: [foo]"
- Err:
    - message: "Expecting semicolon after `foo` in `let` type annotation. Got `CloseBracket`"
      line: 1
      column: 12
- "Expecting semicolon after `foo` in `let` type annotation. Got `CloseBracket` at 1:12"

