---
source: crates/parse/src/tests.rs
expression: "(test[1], ast, ast_string)"
---
- "let x: ["
- Err:
    - message: "Expecting identifier after `[` in `let` type annotation. Got `EOF`"
      line: 0
      column: 0
- "Expecting identifier after `[` in `let` type annotation. Got `EOF`"

