---
source: crates/parse/src/tests.rs
assertion_line: 85
expression: "(test[1], ast, ast_string)"
---
- "extern fn cos(x: float)"
- Ok:
    nodes:
      - kind:
          Fn:
            proto:
              name: cos
              args:
                - - x
                  - Float
              ret_ty: Void
              is_extern: true
              module: main
            body: ~
- "(define (cos x:float))"

