---
source: crates/parse/src/tests.rs
expression: "(test[1], ast, ast_string)"
---
- fn a(b)
- Err:
    - message: "Expecting `:` after identifier in `prototype` typed declaration. Got `CloseParen`"
      line: 1
      column: 7
- "Expecting `:` after identifier in `prototype` typed declaration. Got `CloseParen` at 1:7"

