---
source: crates/parse/src/tests.rs
expression: "(test[1], ast, ast_string)"
---
- let x
- Err:
    - message: "Expecting `:` after identifier in `let` typed declaration. Got `EOF`"
      line: 0
      column: 0
- "Expecting `:` after identifier in `let` typed declaration. Got `EOF`"

