---
source: crates/parse/src/tests.rs
expression: "(test[1], ast, ast_string)"
---
- "x.y(a,"
- Err:
    - message: "Expecting `)` in method call. Got `EOF`"
      line: 0
      column: 0
- "Expecting `)` in method call. Got `EOF`"

